Processing EEG data from UnicornRecorder_baseline.csv...
[WARN] Could not compute SVM affective state labels: expected str, bytes or os.PathLike object, not NoneType

=== Starting EEG emotion classification pipeline ===
Timestamp: 20250515101303
Step 1: Collecting emotion-labeled EEG files...
Found 10 total files across 4 emotion categories
Step 2: Extracting spectral features from EEG files...
  Processing file 1/10: UnicornRecorder_12_05_2025_13_07_250.csv - Emotion: angry
Processing EEG data from UnicornRecorder_12_05_2025_13_07_250.csv...
[WARN] Could not compute SVM affective state labels: expected str, bytes or os.PathLike object, not NoneType
  Processing file 2/10: UnicornRecorder_12_05_2025_13_10_580.csv - Emotion: angry
Processing EEG data from UnicornRecorder_12_05_2025_13_10_580.csv...
[WARN] Could not compute SVM affective state labels: expected str, bytes or os.PathLike object, not NoneType
  Processing file 3/10: UnicornRecorder_12_05_2025_12_37_430.csv - Emotion: calm
Processing EEG data from UnicornRecorder_12_05_2025_12_37_430.csv...
[WARN] Could not compute SVM affective state labels: expected str, bytes or os.PathLike object, not NoneType
  Processing file 4/10: UnicornRecorder_12_05_2025_12_41_310.csv - Emotion: calm
Processing EEG data from UnicornRecorder_12_05_2025_12_41_310.csv...
[WARN] Could not compute SVM affective state labels: expected str, bytes or os.PathLike object, not NoneType
  Processing file 5/10: UnicornRecorder_12_05_2025_12_45_530.csv - Emotion: calm
Processing EEG data from UnicornRecorder_12_05_2025_12_45_530.csv...
[WARN] Could not compute SVM affective state labels: expected str, bytes or os.PathLike object, not NoneType
  Processing file 6/10: UnicornRecorder_12_05_2025_12_50_080.csv - Emotion: excited
Processing EEG data from UnicornRecorder_12_05_2025_12_50_080.csv...
[WARN] Could not compute SVM affective state labels: expected str, bytes or os.PathLike object, not NoneType
  Processing file 7/10: UnicornRecorder_12_05_2025_13_00_030.csv - Emotion: excited
Processing EEG data from UnicornRecorder_12_05_2025_13_00_030.csv...
[WARN] Could not compute SVM affective state labels: expected str, bytes or os.PathLike object, not NoneType
  Processing file 8/10: UnicornRecorder_12_05_2025_13_07_250.csv - Emotion: excited
Processing EEG data from UnicornRecorder_12_05_2025_13_07_250.csv...
[WARN] Could not compute SVM affective state labels: expected str, bytes or os.PathLike object, not NoneType
  Processing file 9/10: UnicornRecorder_12_05_2025_12_24_420.csv - Emotion: sad
Processing EEG data from UnicornRecorder_12_05_2025_12_24_420.csv...
[WARN] Could not compute SVM affective state labels: expected str, bytes or os.PathLike object, not NoneType
  Processing file 10/10: UnicornRecorder_12_05_2025_12_31_050.csv - Emotion: sad
Processing EEG data from UnicornRecorder_12_05_2025_12_31_050.csv...
[WARN] Could not compute SVM affective state labels: expected str, bytes or os.PathLike object, not NoneType
Feature extraction complete. Feature matrix shape: (10, 11)
Step 3: Analyzing data distribution for machine learning...
Class distribution: Counter({np.str_('calm'): 3, np.str_('excited'): 3, np.str_('angry'): 2, np.str_('sad'): 2})
Step 4: Training machine learning models with 10 samples...
Train/test split: 6 training samples, 4 testing samples
Training Random Forest classifier...
Training SVM classifier...
Step 5: Evaluating model performance...
Random Forest accuracy: 0.75
SVM accuracy: 0.50
Classification results saved to C:\Users\lenin\Documents\GitHub\pipeline-eeg-eda_060524\output\classification_results_20250515101303.html
Step 6: Generating comprehensive PDF report with interpretations...
Traceback (most recent call last):
  File "C:\Users\lenin\Documents\GitHub\pipeline-eeg-eda_060524\vr_stimulus_analysis.py", line 67, in <module>
    from eeg_signal_processing_v2 import (process_eeg_data, filter_eeg, compute_psd,
  File "C:\Users\lenin\Documents\GitHub\pipeline-eeg-eda_060524\eeg_signal_processing_v2.py", line 1703, in <module>
    pdf_output_path = os.path.join(output_dir, f'EEG_Emotion_Report_{timestamp}.pdf')
NameError: name 'output_dir' is not defined
